08:57:27 **** Build of configuration Debug for project STM32CubeIDE ****
make -j12 all 
arm-none-eabi-size   STM32CubeIDE.elf 
   text	   data	    bss	    dec	    hex	filename
2274944	    328	1401596	3676868	 381ac4	STM32CubeIDE.elf
Finished building: default.size.stdout
 
08:58:01 **** Incremental Build of configuration Debug for project STM32CubeIDE ****
make -j12 all 
arm-none-eabi-size   STM32CubeIDE.elf 
   text	   data	    bss	    dec	    hex	filename
2274944	    328	1401596	3676868	 381ac4	STM32CubeIDE.elf
Finished building: default.size.stdout
 
