21:45:09 **** Build of configuration Debug for project STM32CubeIDE ****
make -j12 all 
arm-none-eabi-g++ "D:/STM32CubeIDE/wyswietlacz/mcs_screen_app/TouchGFX/gui/src/common/FrontendApplication.cpp" -mcpu=cortex-m7 -std=gnu++14 -g3 -DUSE_HAL_DRIVER -DSTM32F746xx -DDEBUG -c -I../../Core/Inc -I../../TouchGFX/App -I../../TouchGFX/target/generated -I../../TouchGFX/target -I../../Drivers/STM32F7xx_HAL_Driver/Inc -I../../Drivers/STM32F7xx_HAL_Driver/Inc/Legacy -I../../Middlewares/Third_Party/FreeRTOS/Source/include -I../../Middlewares/Third_Party/FreeRTOS/Source/portable/GCC/ARM_CM7/r0p1 -I../../Drivers/CMSIS/Device/ST/STM32F7xx/Include -I../../Drivers/CMSIS/Include -I../../Middlewares/ST/touchgfx/framework/include -I../../TouchGFX/generated/fonts/include -I../../TouchGFX/generated/gui_generated/include -I../../TouchGFX/generated/images/include -I../../TouchGFX/generated/texts/include -I../../TouchGFX/gui/include -I../../Middlewares/Third_Party/FreeRTOS/Source/CMSIS_RTOS_V2 -I../../Middlewares/Third_Party/FreeRTOS/Source/CMSIS_RTOS -I../../Drivers/BSP/STM32746G-Discovery -I../../Drivers/BSP/Components/ft5336 -I../../LIBJPEG/App -I../../LIBJPEG/Target -I../../Middlewares/Third_Party/LibJPEG/include -I../../TouchGFX/generated/videos/include -Os -ffunction-sections -fdata-sections -fno-exceptions -fno-rtti -fno-use-cxa-atexit -Wall -femit-class-debug-always -fstack-usage -MMD -MP -MF"Application/User/gui/FrontendApplication.d" -MT"Application/User/gui/FrontendApplication.o" --specs=nano.specs -mfpu=fpv5-sp-d16 -mfloat-abi=hard -mthumb -o "Application/User/gui/FrontendApplication.o"
arm-none-eabi-g++ "D:/STM32CubeIDE/wyswietlacz/mcs_screen_app/TouchGFX/gui/src/model/Model.cpp" -mcpu=cortex-m7 -std=gnu++14 -g3 -DUSE_HAL_DRIVER -DSTM32F746xx -DDEBUG -c -I../../Core/Inc -I../../TouchGFX/App -I../../TouchGFX/target/generated -I../../TouchGFX/target -I../../Drivers/STM32F7xx_HAL_Driver/Inc -I../../Drivers/STM32F7xx_HAL_Driver/Inc/Legacy -I../../Middlewares/Third_Party/FreeRTOS/Source/include -I../../Middlewares/Third_Party/FreeRTOS/Source/portable/GCC/ARM_CM7/r0p1 -I../../Drivers/CMSIS/Device/ST/STM32F7xx/Include -I../../Drivers/CMSIS/Include -I../../Middlewares/ST/touchgfx/framework/include -I../../TouchGFX/generated/fonts/include -I../../TouchGFX/generated/gui_generated/include -I../../TouchGFX/generated/images/include -I../../TouchGFX/generated/texts/include -I../../TouchGFX/gui/include -I../../Middlewares/Third_Party/FreeRTOS/Source/CMSIS_RTOS_V2 -I../../Middlewares/Third_Party/FreeRTOS/Source/CMSIS_RTOS -I../../Drivers/BSP/STM32746G-Discovery -I../../Drivers/BSP/Components/ft5336 -I../../LIBJPEG/App -I../../LIBJPEG/Target -I../../Middlewares/Third_Party/LibJPEG/include -I../../TouchGFX/generated/videos/include -Os -ffunction-sections -fdata-sections -fno-exceptions -fno-rtti -fno-use-cxa-atexit -Wall -femit-class-debug-always -fstack-usage -MMD -MP -MF"Application/User/gui/Model.d" -MT"Application/User/gui/Model.o" --specs=nano.specs -mfpu=fpv5-sp-d16 -mfloat-abi=hard -mthumb -o "Application/User/gui/Model.o"
arm-none-eabi-g++ "D:/STM32CubeIDE/wyswietlacz/mcs_screen_app/TouchGFX/gui/src/screen1_screen/Screen1Presenter.cpp" -mcpu=cortex-m7 -std=gnu++14 -g3 -DUSE_HAL_DRIVER -DSTM32F746xx -DDEBUG -c -I../../Core/Inc -I../../TouchGFX/App -I../../TouchGFX/target/generated -I../../TouchGFX/target -I../../Drivers/STM32F7xx_HAL_Driver/Inc -I../../Drivers/STM32F7xx_HAL_Driver/Inc/Legacy -I../../Middlewares/Third_Party/FreeRTOS/Source/include -I../../Middlewares/Third_Party/FreeRTOS/Source/portable/GCC/ARM_CM7/r0p1 -I../../Drivers/CMSIS/Device/ST/STM32F7xx/Include -I../../Drivers/CMSIS/Include -I../../Middlewares/ST/touchgfx/framework/include -I../../TouchGFX/generated/fonts/include -I../../TouchGFX/generated/gui_generated/include -I../../TouchGFX/generated/images/include -I../../TouchGFX/generated/texts/include -I../../TouchGFX/gui/include -I../../Middlewares/Third_Party/FreeRTOS/Source/CMSIS_RTOS_V2 -I../../Middlewares/Third_Party/FreeRTOS/Source/CMSIS_RTOS -I../../Drivers/BSP/STM32746G-Discovery -I../../Drivers/BSP/Components/ft5336 -I../../LIBJPEG/App -I../../LIBJPEG/Target -I../../Middlewares/Third_Party/LibJPEG/include -I../../TouchGFX/generated/videos/include -Os -ffunction-sections -fdata-sections -fno-exceptions -fno-rtti -fno-use-cxa-atexit -Wall -femit-class-debug-always -fstack-usage -MMD -MP -MF"Application/User/gui/Screen1Presenter.d" -MT"Application/User/gui/Screen1Presenter.o" --specs=nano.specs -mfpu=fpv5-sp-d16 -mfloat-abi=hard -mthumb -o "Application/User/gui/Screen1Presenter.o"
arm-none-eabi-g++ "D:/STM32CubeIDE/wyswietlacz/mcs_screen_app/TouchGFX/gui/src/screen1_screen/Screen1View.cpp" -mcpu=cortex-m7 -std=gnu++14 -g3 -DUSE_HAL_DRIVER -DSTM32F746xx -DDEBUG -c -I../../Core/Inc -I../../TouchGFX/App -I../../TouchGFX/target/generated -I../../TouchGFX/target -I../../Drivers/STM32F7xx_HAL_Driver/Inc -I../../Drivers/STM32F7xx_HAL_Driver/Inc/Legacy -I../../Middlewares/Third_Party/FreeRTOS/Source/include -I../../Middlewares/Third_Party/FreeRTOS/Source/portable/GCC/ARM_CM7/r0p1 -I../../Drivers/CMSIS/Device/ST/STM32F7xx/Include -I../../Drivers/CMSIS/Include -I../../Middlewares/ST/touchgfx/framework/include -I../../TouchGFX/generated/fonts/include -I../../TouchGFX/generated/gui_generated/include -I../../TouchGFX/generated/images/include -I../../TouchGFX/generated/texts/include -I../../TouchGFX/gui/include -I../../Middlewares/Third_Party/FreeRTOS/Source/CMSIS_RTOS_V2 -I../../Middlewares/Third_Party/FreeRTOS/Source/CMSIS_RTOS -I../../Drivers/BSP/STM32746G-Discovery -I../../Drivers/BSP/Components/ft5336 -I../../LIBJPEG/App -I../../LIBJPEG/Target -I../../Middlewares/Third_Party/LibJPEG/include -I../../TouchGFX/generated/videos/include -Os -ffunction-sections -fdata-sections -fno-exceptions -fno-rtti -fno-use-cxa-atexit -Wall -femit-class-debug-always -fstack-usage -MMD -MP -MF"Application/User/gui/Screen1View.d" -MT"Application/User/gui/Screen1View.o" --specs=nano.specs -mfpu=fpv5-sp-d16 -mfloat-abi=hard -mthumb -o "Application/User/gui/Screen1View.o"
arm-none-eabi-g++ "D:/STM32CubeIDE/wyswietlacz/mcs_screen_app/TouchGFX/gui/src/screen2_screen/Screen2Presenter.cpp" -mcpu=cortex-m7 -std=gnu++14 -g3 -DUSE_HAL_DRIVER -DSTM32F746xx -DDEBUG -c -I../../Core/Inc -I../../TouchGFX/App -I../../TouchGFX/target/generated -I../../TouchGFX/target -I../../Drivers/STM32F7xx_HAL_Driver/Inc -I../../Drivers/STM32F7xx_HAL_Driver/Inc/Legacy -I../../Middlewares/Third_Party/FreeRTOS/Source/include -I../../Middlewares/Third_Party/FreeRTOS/Source/portable/GCC/ARM_CM7/r0p1 -I../../Drivers/CMSIS/Device/ST/STM32F7xx/Include -I../../Drivers/CMSIS/Include -I../../Middlewares/ST/touchgfx/framework/include -I../../TouchGFX/generated/fonts/include -I../../TouchGFX/generated/gui_generated/include -I../../TouchGFX/generated/images/include -I../../TouchGFX/generated/texts/include -I../../TouchGFX/gui/include -I../../Middlewares/Third_Party/FreeRTOS/Source/CMSIS_RTOS_V2 -I../../Middlewares/Third_Party/FreeRTOS/Source/CMSIS_RTOS -I../../Drivers/BSP/STM32746G-Discovery -I../../Drivers/BSP/Components/ft5336 -I../../LIBJPEG/App -I../../LIBJPEG/Target -I../../Middlewares/Third_Party/LibJPEG/include -I../../TouchGFX/generated/videos/include -Os -ffunction-sections -fdata-sections -fno-exceptions -fno-rtti -fno-use-cxa-atexit -Wall -femit-class-debug-always -fstack-usage -MMD -MP -MF"Application/User/gui/Screen2Presenter.d" -MT"Application/User/gui/Screen2Presenter.o" --specs=nano.specs -mfpu=fpv5-sp-d16 -mfloat-abi=hard -mthumb -o "Application/User/gui/Screen2Presenter.o"
arm-none-eabi-g++ "D:/STM32CubeIDE/wyswietlacz/mcs_screen_app/TouchGFX/gui/src/screen2_screen/Screen2View.cpp" -mcpu=cortex-m7 -std=gnu++14 -g3 -DUSE_HAL_DRIVER -DSTM32F746xx -DDEBUG -c -I../../Core/Inc -I../../TouchGFX/App -I../../TouchGFX/target/generated -I../../TouchGFX/target -I../../Drivers/STM32F7xx_HAL_Driver/Inc -I../../Drivers/STM32F7xx_HAL_Driver/Inc/Legacy -I../../Middlewares/Third_Party/FreeRTOS/Source/include -I../../Middlewares/Third_Party/FreeRTOS/Source/portable/GCC/ARM_CM7/r0p1 -I../../Drivers/CMSIS/Device/ST/STM32F7xx/Include -I../../Drivers/CMSIS/Include -I../../Middlewares/ST/touchgfx/framework/include -I../../TouchGFX/generated/fonts/include -I../../TouchGFX/generated/gui_generated/include -I../../TouchGFX/generated/images/include -I../../TouchGFX/generated/texts/include -I../../TouchGFX/gui/include -I../../Middlewares/Third_Party/FreeRTOS/Source/CMSIS_RTOS_V2 -I../../Middlewares/Third_Party/FreeRTOS/Source/CMSIS_RTOS -I../../Drivers/BSP/STM32746G-Discovery -I../../Drivers/BSP/Components/ft5336 -I../../LIBJPEG/App -I../../LIBJPEG/Target -I../../Middlewares/Third_Party/LibJPEG/include -I../../TouchGFX/generated/videos/include -Os -ffunction-sections -fdata-sections -fno-exceptions -fno-rtti -fno-use-cxa-atexit -Wall -femit-class-debug-always -fstack-usage -MMD -MP -MF"Application/User/gui/Screen2View.d" -MT"Application/User/gui/Screen2View.o" --specs=nano.specs -mfpu=fpv5-sp-d16 -mfloat-abi=hard -mthumb -o "Application/User/gui/Screen2View.o"
arm-none-eabi-g++ "D:/STM32CubeIDE/wyswietlacz/mcs_screen_app/TouchGFX/gui/src/screen3_screen/Screen3Presenter.cpp" -mcpu=cortex-m7 -std=gnu++14 -g3 -DUSE_HAL_DRIVER -DSTM32F746xx -DDEBUG -c -I../../Core/Inc -I../../TouchGFX/App -I../../TouchGFX/target/generated -I../../TouchGFX/target -I../../Drivers/STM32F7xx_HAL_Driver/Inc -I../../Drivers/STM32F7xx_HAL_Driver/Inc/Legacy -I../../Middlewares/Third_Party/FreeRTOS/Source/include -I../../Middlewares/Third_Party/FreeRTOS/Source/portable/GCC/ARM_CM7/r0p1 -I../../Drivers/CMSIS/Device/ST/STM32F7xx/Include -I../../Drivers/CMSIS/Include -I../../Middlewares/ST/touchgfx/framework/include -I../../TouchGFX/generated/fonts/include -I../../TouchGFX/generated/gui_generated/include -I../../TouchGFX/generated/images/include -I../../TouchGFX/generated/texts/include -I../../TouchGFX/gui/include -I../../Middlewares/Third_Party/FreeRTOS/Source/CMSIS_RTOS_V2 -I../../Middlewares/Third_Party/FreeRTOS/Source/CMSIS_RTOS -I../../Drivers/BSP/STM32746G-Discovery -I../../Drivers/BSP/Components/ft5336 -I../../LIBJPEG/App -I../../LIBJPEG/Target -I../../Middlewares/Third_Party/LibJPEG/include -I../../TouchGFX/generated/videos/include -Os -ffunction-sections -fdata-sections -fno-exceptions -fno-rtti -fno-use-cxa-atexit -Wall -femit-class-debug-always -fstack-usage -MMD -MP -MF"Application/User/gui/Screen3Presenter.d" -MT"Application/User/gui/Screen3Presenter.o" --specs=nano.specs -mfpu=fpv5-sp-d16 -mfloat-abi=hard -mthumb -o "Application/User/gui/Screen3Presenter.o"
arm-none-eabi-g++ "D:/STM32CubeIDE/wyswietlacz/mcs_screen_app/TouchGFX/gui/src/screen3_screen/Screen3View.cpp" -mcpu=cortex-m7 -std=gnu++14 -g3 -DUSE_HAL_DRIVER -DSTM32F746xx -DDEBUG -c -I../../Core/Inc -I../../TouchGFX/App -I../../TouchGFX/target/generated -I../../TouchGFX/target -I../../Drivers/STM32F7xx_HAL_Driver/Inc -I../../Drivers/STM32F7xx_HAL_Driver/Inc/Legacy -I../../Middlewares/Third_Party/FreeRTOS/Source/include -I../../Middlewares/Third_Party/FreeRTOS/Source/portable/GCC/ARM_CM7/r0p1 -I../../Drivers/CMSIS/Device/ST/STM32F7xx/Include -I../../Drivers/CMSIS/Include -I../../Middlewares/ST/touchgfx/framework/include -I../../TouchGFX/generated/fonts/include -I../../TouchGFX/generated/gui_generated/include -I../../TouchGFX/generated/images/include -I../../TouchGFX/generated/texts/include -I../../TouchGFX/gui/include -I../../Middlewares/Third_Party/FreeRTOS/Source/CMSIS_RTOS_V2 -I../../Middlewares/Third_Party/FreeRTOS/Source/CMSIS_RTOS -I../../Drivers/BSP/STM32746G-Discovery -I../../Drivers/BSP/Components/ft5336 -I../../LIBJPEG/App -I../../LIBJPEG/Target -I../../Middlewares/Third_Party/LibJPEG/include -I../../TouchGFX/generated/videos/include -Os -ffunction-sections -fdata-sections -fno-exceptions -fno-rtti -fno-use-cxa-atexit -Wall -femit-class-debug-always -fstack-usage -MMD -MP -MF"Application/User/gui/Screen3View.d" -MT"Application/User/gui/Screen3View.o" --specs=nano.specs -mfpu=fpv5-sp-d16 -mfloat-abi=hard -mthumb -o "Application/User/gui/Screen3View.o"
arm-none-eabi-g++ "D:/STM32CubeIDE/wyswietlacz/mcs_screen_app/TouchGFX/gui/src/screen4_screen/Screen4Presenter.cpp" -mcpu=cortex-m7 -std=gnu++14 -g3 -DUSE_HAL_DRIVER -DSTM32F746xx -DDEBUG -c -I../../Core/Inc -I../../TouchGFX/App -I../../TouchGFX/target/generated -I../../TouchGFX/target -I../../Drivers/STM32F7xx_HAL_Driver/Inc -I../../Drivers/STM32F7xx_HAL_Driver/Inc/Legacy -I../../Middlewares/Third_Party/FreeRTOS/Source/include -I../../Middlewares/Third_Party/FreeRTOS/Source/portable/GCC/ARM_CM7/r0p1 -I../../Drivers/CMSIS/Device/ST/STM32F7xx/Include -I../../Drivers/CMSIS/Include -I../../Middlewares/ST/touchgfx/framework/include -I../../TouchGFX/generated/fonts/include -I../../TouchGFX/generated/gui_generated/include -I../../TouchGFX/generated/images/include -I../../TouchGFX/generated/texts/include -I../../TouchGFX/gui/include -I../../Middlewares/Third_Party/FreeRTOS/Source/CMSIS_RTOS_V2 -I../../Middlewares/Third_Party/FreeRTOS/Source/CMSIS_RTOS -I../../Drivers/BSP/STM32746G-Discovery -I../../Drivers/BSP/Components/ft5336 -I../../LIBJPEG/App -I../../LIBJPEG/Target -I../../Middlewares/Third_Party/LibJPEG/include -I../../TouchGFX/generated/videos/include -Os -ffunction-sections -fdata-sections -fno-exceptions -fno-rtti -fno-use-cxa-atexit -Wall -femit-class-debug-always -fstack-usage -MMD -MP -MF"Application/User/gui/Screen4Presenter.d" -MT"Application/User/gui/Screen4Presenter.o" --specs=nano.specs -mfpu=fpv5-sp-d16 -mfloat-abi=hard -mthumb -o "Application/User/gui/Screen4Presenter.o"
arm-none-eabi-g++ "D:/STM32CubeIDE/wyswietlacz/mcs_screen_app/TouchGFX/gui/src/screen4_screen/Screen4View.cpp" -mcpu=cortex-m7 -std=gnu++14 -g3 -DUSE_HAL_DRIVER -DSTM32F746xx -DDEBUG -c -I../../Core/Inc -I../../TouchGFX/App -I../../TouchGFX/target/generated -I../../TouchGFX/target -I../../Drivers/STM32F7xx_HAL_Driver/Inc -I../../Drivers/STM32F7xx_HAL_Driver/Inc/Legacy -I../../Middlewares/Third_Party/FreeRTOS/Source/include -I../../Middlewares/Third_Party/FreeRTOS/Source/portable/GCC/ARM_CM7/r0p1 -I../../Drivers/CMSIS/Device/ST/STM32F7xx/Include -I../../Drivers/CMSIS/Include -I../../Middlewares/ST/touchgfx/framework/include -I../../TouchGFX/generated/fonts/include -I../../TouchGFX/generated/gui_generated/include -I../../TouchGFX/generated/images/include -I../../TouchGFX/generated/texts/include -I../../TouchGFX/gui/include -I../../Middlewares/Third_Party/FreeRTOS/Source/CMSIS_RTOS_V2 -I../../Middlewares/Third_Party/FreeRTOS/Source/CMSIS_RTOS -I../../Drivers/BSP/STM32746G-Discovery -I../../Drivers/BSP/Components/ft5336 -I../../LIBJPEG/App -I../../LIBJPEG/Target -I../../Middlewares/Third_Party/LibJPEG/include -I../../TouchGFX/generated/videos/include -Os -ffunction-sections -fdata-sections -fno-exceptions -fno-rtti -fno-use-cxa-atexit -Wall -femit-class-debug-always -fstack-usage -MMD -MP -MF"Application/User/gui/Screen4View.d" -MT"Application/User/gui/Screen4View.o" --specs=nano.specs -mfpu=fpv5-sp-d16 -mfloat-abi=hard -mthumb -o "Application/User/gui/Screen4View.o"
arm-none-eabi-g++ "D:/STM32CubeIDE/wyswietlacz/mcs_screen_app/TouchGFX/generated/gui_generated/src/common/FrontendApplicationBase.cpp" -mcpu=cortex-m7 -std=gnu++14 -g3 -DUSE_HAL_DRIVER -DSTM32F746xx -DDEBUG -c -I../../Core/Inc -I../../TouchGFX/App -I../../TouchGFX/target/generated -I../../TouchGFX/target -I../../Drivers/STM32F7xx_HAL_Driver/Inc -I../../Drivers/STM32F7xx_HAL_Driver/Inc/Legacy -I../../Middlewares/Third_Party/FreeRTOS/Source/include -I../../Middlewares/Third_Party/FreeRTOS/Source/portable/GCC/ARM_CM7/r0p1 -I../../Drivers/CMSIS/Device/ST/STM32F7xx/Include -I../../Drivers/CMSIS/Include -I../../Middlewares/ST/touchgfx/framework/include -I../../TouchGFX/generated/fonts/include -I../../TouchGFX/generated/gui_generated/include -I../../TouchGFX/generated/images/include -I../../TouchGFX/generated/texts/include -I../../TouchGFX/gui/include -I../../Middlewares/Third_Party/FreeRTOS/Source/CMSIS_RTOS_V2 -I../../Middlewares/Third_Party/FreeRTOS/Source/CMSIS_RTOS -I../../Drivers/BSP/STM32746G-Discovery -I../../Drivers/BSP/Components/ft5336 -I../../LIBJPEG/App -I../../LIBJPEG/Target -I../../Middlewares/Third_Party/LibJPEG/include -I../../TouchGFX/generated/videos/include -Os -ffunction-sections -fdata-sections -fno-exceptions -fno-rtti -fno-use-cxa-atexit -Wall -femit-class-debug-always -fstack-usage -MMD -MP -MF"Application/User/generated/FrontendApplicationBase.d" -MT"Application/User/generated/FrontendApplicationBase.o" --specs=nano.specs -mfpu=fpv5-sp-d16 -mfloat-abi=hard -mthumb -o "Application/User/generated/FrontendApplicationBase.o"
arm-none-eabi-g++ "D:/STM32CubeIDE/wyswietlacz/mcs_screen_app/TouchGFX/generated/gui_generated/src/screen1_screen/Screen1ViewBase.cpp" -mcpu=cortex-m7 -std=gnu++14 -g3 -DUSE_HAL_DRIVER -DSTM32F746xx -DDEBUG -c -I../../Core/Inc -I../../TouchGFX/App -I../../TouchGFX/target/generated -I../../TouchGFX/target -I../../Drivers/STM32F7xx_HAL_Driver/Inc -I../../Drivers/STM32F7xx_HAL_Driver/Inc/Legacy -I../../Middlewares/Third_Party/FreeRTOS/Source/include -I../../Middlewares/Third_Party/FreeRTOS/Source/portable/GCC/ARM_CM7/r0p1 -I../../Drivers/CMSIS/Device/ST/STM32F7xx/Include -I../../Drivers/CMSIS/Include -I../../Middlewares/ST/touchgfx/framework/include -I../../TouchGFX/generated/fonts/include -I../../TouchGFX/generated/gui_generated/include -I../../TouchGFX/generated/images/include -I../../TouchGFX/generated/texts/include -I../../TouchGFX/gui/include -I../../Middlewares/Third_Party/FreeRTOS/Source/CMSIS_RTOS_V2 -I../../Middlewares/Third_Party/FreeRTOS/Source/CMSIS_RTOS -I../../Drivers/BSP/STM32746G-Discovery -I../../Drivers/BSP/Components/ft5336 -I../../LIBJPEG/App -I../../LIBJPEG/Target -I../../Middlewares/Third_Party/LibJPEG/include -I../../TouchGFX/generated/videos/include -Os -ffunction-sections -fdata-sections -fno-exceptions -fno-rtti -fno-use-cxa-atexit -Wall -femit-class-debug-always -fstack-usage -MMD -MP -MF"Application/User/generated/Screen1ViewBase.d" -MT"Application/User/generated/Screen1ViewBase.o" --specs=nano.specs -mfpu=fpv5-sp-d16 -mfloat-abi=hard -mthumb -o "Application/User/generated/Screen1ViewBase.o"
arm-none-eabi-g++ "D:/STM32CubeIDE/wyswietlacz/mcs_screen_app/TouchGFX/generated/gui_generated/src/screen2_screen/Screen2ViewBase.cpp" -mcpu=cortex-m7 -std=gnu++14 -g3 -DUSE_HAL_DRIVER -DSTM32F746xx -DDEBUG -c -I../../Core/Inc -I../../TouchGFX/App -I../../TouchGFX/target/generated -I../../TouchGFX/target -I../../Drivers/STM32F7xx_HAL_Driver/Inc -I../../Drivers/STM32F7xx_HAL_Driver/Inc/Legacy -I../../Middlewares/Third_Party/FreeRTOS/Source/include -I../../Middlewares/Third_Party/FreeRTOS/Source/portable/GCC/ARM_CM7/r0p1 -I../../Drivers/CMSIS/Device/ST/STM32F7xx/Include -I../../Drivers/CMSIS/Include -I../../Middlewares/ST/touchgfx/framework/include -I../../TouchGFX/generated/fonts/include -I../../TouchGFX/generated/gui_generated/include -I../../TouchGFX/generated/images/include -I../../TouchGFX/generated/texts/include -I../../TouchGFX/gui/include -I../../Middlewares/Third_Party/FreeRTOS/Source/CMSIS_RTOS_V2 -I../../Middlewares/Third_Party/FreeRTOS/Source/CMSIS_RTOS -I../../Drivers/BSP/STM32746G-Discovery -I../../Drivers/BSP/Components/ft5336 -I../../LIBJPEG/App -I../../LIBJPEG/Target -I../../Middlewares/Third_Party/LibJPEG/include -I../../TouchGFX/generated/videos/include -Os -ffunction-sections -fdata-sections -fno-exceptions -fno-rtti -fno-use-cxa-atexit -Wall -femit-class-debug-always -fstack-usage -MMD -MP -MF"Application/User/generated/Screen2ViewBase.d" -MT"Application/User/generated/Screen2ViewBase.o" --specs=nano.specs -mfpu=fpv5-sp-d16 -mfloat-abi=hard -mthumb -o "Application/User/generated/Screen2ViewBase.o"
arm-none-eabi-g++ "D:/STM32CubeIDE/wyswietlacz/mcs_screen_app/TouchGFX/generated/gui_generated/src/screen3_screen/Screen3ViewBase.cpp" -mcpu=cortex-m7 -std=gnu++14 -g3 -DUSE_HAL_DRIVER -DSTM32F746xx -DDEBUG -c -I../../Core/Inc -I../../TouchGFX/App -I../../TouchGFX/target/generated -I../../TouchGFX/target -I../../Drivers/STM32F7xx_HAL_Driver/Inc -I../../Drivers/STM32F7xx_HAL_Driver/Inc/Legacy -I../../Middlewares/Third_Party/FreeRTOS/Source/include -I../../Middlewares/Third_Party/FreeRTOS/Source/portable/GCC/ARM_CM7/r0p1 -I../../Drivers/CMSIS/Device/ST/STM32F7xx/Include -I../../Drivers/CMSIS/Include -I../../Middlewares/ST/touchgfx/framework/include -I../../TouchGFX/generated/fonts/include -I../../TouchGFX/generated/gui_generated/include -I../../TouchGFX/generated/images/include -I../../TouchGFX/generated/texts/include -I../../TouchGFX/gui/include -I../../Middlewares/Third_Party/FreeRTOS/Source/CMSIS_RTOS_V2 -I../../Middlewares/Third_Party/FreeRTOS/Source/CMSIS_RTOS -I../../Drivers/BSP/STM32746G-Discovery -I../../Drivers/BSP/Components/ft5336 -I../../LIBJPEG/App -I../../LIBJPEG/Target -I../../Middlewares/Third_Party/LibJPEG/include -I../../TouchGFX/generated/videos/include -Os -ffunction-sections -fdata-sections -fno-exceptions -fno-rtti -fno-use-cxa-atexit -Wall -femit-class-debug-always -fstack-usage -MMD -MP -MF"Application/User/generated/Screen3ViewBase.d" -MT"Application/User/generated/Screen3ViewBase.o" --specs=nano.specs -mfpu=fpv5-sp-d16 -mfloat-abi=hard -mthumb -o "Application/User/generated/Screen3ViewBase.o"
arm-none-eabi-g++ "D:/STM32CubeIDE/wyswietlacz/mcs_screen_app/TouchGFX/generated/gui_generated/src/screen4_screen/Screen4ViewBase.cpp" -mcpu=cortex-m7 -std=gnu++14 -g3 -DUSE_HAL_DRIVER -DSTM32F746xx -DDEBUG -c -I../../Core/Inc -I../../TouchGFX/App -I../../TouchGFX/target/generated -I../../TouchGFX/target -I../../Drivers/STM32F7xx_HAL_Driver/Inc -I../../Drivers/STM32F7xx_HAL_Driver/Inc/Legacy -I../../Middlewares/Third_Party/FreeRTOS/Source/include -I../../Middlewares/Third_Party/FreeRTOS/Source/portable/GCC/ARM_CM7/r0p1 -I../../Drivers/CMSIS/Device/ST/STM32F7xx/Include -I../../Drivers/CMSIS/Include -I../../Middlewares/ST/touchgfx/framework/include -I../../TouchGFX/generated/fonts/include -I../../TouchGFX/generated/gui_generated/include -I../../TouchGFX/generated/images/include -I../../TouchGFX/generated/texts/include -I../../TouchGFX/gui/include -I../../Middlewares/Third_Party/FreeRTOS/Source/CMSIS_RTOS_V2 -I../../Middlewares/Third_Party/FreeRTOS/Source/CMSIS_RTOS -I../../Drivers/BSP/STM32746G-Discovery -I../../Drivers/BSP/Components/ft5336 -I../../LIBJPEG/App -I../../LIBJPEG/Target -I../../Middlewares/Third_Party/LibJPEG/include -I../../TouchGFX/generated/videos/include -Os -ffunction-sections -fdata-sections -fno-exceptions -fno-rtti -fno-use-cxa-atexit -Wall -femit-class-debug-always -fstack-usage -MMD -MP -MF"Application/User/generated/Screen4ViewBase.d" -MT"Application/User/generated/Screen4ViewBase.o" --specs=nano.specs -mfpu=fpv5-sp-d16 -mfloat-abi=hard -mthumb -o "Application/User/generated/Screen4ViewBase.o"
arm-none-eabi-g++ "D:/STM32CubeIDE/wyswietlacz/mcs_screen_app/TouchGFX/target/generated/TouchGFXConfiguration.cpp" -mcpu=cortex-m7 -std=gnu++14 -g3 -DUSE_HAL_DRIVER -DSTM32F746xx -DDEBUG -c -I../../Core/Inc -I../../TouchGFX/App -I../../TouchGFX/target/generated -I../../TouchGFX/target -I../../Drivers/STM32F7xx_HAL_Driver/Inc -I../../Drivers/STM32F7xx_HAL_Driver/Inc/Legacy -I../../Middlewares/Third_Party/FreeRTOS/Source/include -I../../Middlewares/Third_Party/FreeRTOS/Source/portable/GCC/ARM_CM7/r0p1 -I../../Drivers/CMSIS/Device/ST/STM32F7xx/Include -I../../Drivers/CMSIS/Include -I../../Middlewares/ST/touchgfx/framework/include -I../../TouchGFX/generated/fonts/include -I../../TouchGFX/generated/gui_generated/include -I../../TouchGFX/generated/images/include -I../../TouchGFX/generated/texts/include -I../../TouchGFX/gui/include -I../../Middlewares/Third_Party/FreeRTOS/Source/CMSIS_RTOS_V2 -I../../Middlewares/Third_Party/FreeRTOS/Source/CMSIS_RTOS -I../../Drivers/BSP/STM32746G-Discovery -I../../Drivers/BSP/Components/ft5336 -I../../LIBJPEG/App -I../../LIBJPEG/Target -I../../Middlewares/Third_Party/LibJPEG/include -I../../TouchGFX/generated/videos/include -Os -ffunction-sections -fdata-sections -fno-exceptions -fno-rtti -fno-use-cxa-atexit -Wall -femit-class-debug-always -fstack-usage -MMD -MP -MF"Application/User/TouchGFX/target/generated/TouchGFXConfiguration.d" -MT"Application/User/TouchGFX/target/generated/TouchGFXConfiguration.o" --specs=nano.specs -mfpu=fpv5-sp-d16 -mfloat-abi=hard -mthumb -o "Application/User/TouchGFX/target/generated/TouchGFXConfiguration.o"
arm-none-eabi-g++ "D:/STM32CubeIDE/wyswietlacz/mcs_screen_app/TouchGFX/target/generated/TouchGFXGeneratedHAL.cpp" -mcpu=cortex-m7 -std=gnu++14 -g3 -DUSE_HAL_DRIVER -DSTM32F746xx -DDEBUG -c -I../../Core/Inc -I../../TouchGFX/App -I../../TouchGFX/target/generated -I../../TouchGFX/target -I../../Drivers/STM32F7xx_HAL_Driver/Inc -I../../Drivers/STM32F7xx_HAL_Driver/Inc/Legacy -I../../Middlewares/Third_Party/FreeRTOS/Source/include -I../../Middlewares/Third_Party/FreeRTOS/Source/portable/GCC/ARM_CM7/r0p1 -I../../Drivers/CMSIS/Device/ST/STM32F7xx/Include -I../../Drivers/CMSIS/Include -I../../Middlewares/ST/touchgfx/framework/include -I../../TouchGFX/generated/fonts/include -I../../TouchGFX/generated/gui_generated/include -I../../TouchGFX/generated/images/include -I../../TouchGFX/generated/texts/include -I../../TouchGFX/gui/include -I../../Middlewares/Third_Party/FreeRTOS/Source/CMSIS_RTOS_V2 -I../../Middlewares/Third_Party/FreeRTOS/Source/CMSIS_RTOS -I../../Drivers/BSP/STM32746G-Discovery -I../../Drivers/BSP/Components/ft5336 -I../../LIBJPEG/App -I../../LIBJPEG/Target -I../../Middlewares/Third_Party/LibJPEG/include -I../../TouchGFX/generated/videos/include -Os -ffunction-sections -fdata-sections -fno-exceptions -fno-rtti -fno-use-cxa-atexit -Wall -femit-class-debug-always -fstack-usage -MMD -MP -MF"Application/User/TouchGFX/target/generated/TouchGFXGeneratedHAL.d" -MT"Application/User/TouchGFX/target/generated/TouchGFXGeneratedHAL.o" --specs=nano.specs -mfpu=fpv5-sp-d16 -mfloat-abi=hard -mthumb -o "Application/User/TouchGFX/target/generated/TouchGFXGeneratedHAL.o"
arm-none-eabi-g++ "D:/STM32CubeIDE/wyswietlacz/mcs_screen_app/TouchGFX/target/TouchGFXGPIO.cpp" -mcpu=cortex-m7 -std=gnu++14 -g3 -DUSE_HAL_DRIVER -DSTM32F746xx -DDEBUG -c -I../../Core/Inc -I../../TouchGFX/App -I../../TouchGFX/target/generated -I../../TouchGFX/target -I../../Drivers/STM32F7xx_HAL_Driver/Inc -I../../Drivers/STM32F7xx_HAL_Driver/Inc/Legacy -I../../Middlewares/Third_Party/FreeRTOS/Source/include -I../../Middlewares/Third_Party/FreeRTOS/Source/portable/GCC/ARM_CM7/r0p1 -I../../Drivers/CMSIS/Device/ST/STM32F7xx/Include -I../../Drivers/CMSIS/Include -I../../Middlewares/ST/touchgfx/framework/include -I../../TouchGFX/generated/fonts/include -I../../TouchGFX/generated/gui_generated/include -I../../TouchGFX/generated/images/include -I../../TouchGFX/generated/texts/include -I../../TouchGFX/gui/include -I../../Middlewares/Third_Party/FreeRTOS/Source/CMSIS_RTOS_V2 -I../../Middlewares/Third_Party/FreeRTOS/Source/CMSIS_RTOS -I../../Drivers/BSP/STM32746G-Discovery -I../../Drivers/BSP/Components/ft5336 -I../../LIBJPEG/App -I../../LIBJPEG/Target -I../../Middlewares/Third_Party/LibJPEG/include -I../../TouchGFX/generated/videos/include -Os -ffunction-sections -fdata-sections -fno-exceptions -fno-rtti -fno-use-cxa-atexit -Wall -femit-class-debug-always -fstack-usage -MMD -MP -MF"Application/User/TouchGFX/target/TouchGFXGPIO.d" -MT"Application/User/TouchGFX/target/TouchGFXGPIO.o" --specs=nano.specs -mfpu=fpv5-sp-d16 -mfloat-abi=hard -mthumb -o "Application/User/TouchGFX/target/TouchGFXGPIO.o"
arm-none-eabi-gcc "../Application/User/Core/I2C_lib.c" -mcpu=cortex-m7 -std=gnu11 -g3 -DUSE_HAL_DRIVER -DSTM32F746xx -DDEBUG -c -I../../Core/Inc -I../../TouchGFX/App -I../../TouchGFX/target/generated -I../../TouchGFX/target -I../../Drivers/STM32F7xx_HAL_Driver/Inc -I../../Drivers/STM32F7xx_HAL_Driver/Inc/Legacy -I../../Middlewares/Third_Party/FreeRTOS/Source/include -I../../Middlewares/Third_Party/FreeRTOS/Source/portable/GCC/ARM_CM7/r0p1 -I../../Drivers/CMSIS/Device/ST/STM32F7xx/Include -I../../Drivers/CMSIS/Include -I../../Middlewares/ST/touchgfx/framework/include -I../../TouchGFX/generated/fonts/include -I../../TouchGFX/generated/gui_generated/include -I../../TouchGFX/generated/images/include -I../../TouchGFX/generated/texts/include -I../../TouchGFX/gui/include -I../../Middlewares/Third_Party/FreeRTOS/Source/CMSIS_RTOS_V2 -I../../Middlewares/Third_Party/FreeRTOS/Source/CMSIS_RTOS -I../../Drivers/BSP/STM32746G-Discovery -I../../Drivers/BSP/Components/ft5336 -I../../LIBJPEG/App -I../../LIBJPEG/Target -I../../Middlewares/Third_Party/LibJPEG/include -I../../TouchGFX/generated/videos/include -Os -ffunction-sections -fdata-sections -Wall -fstack-usage -MMD -MP -MF"Application/User/Core/I2C_lib.d" -MT"Application/User/Core/I2C_lib.o" --specs=nano.specs -mfpu=fpv5-sp-d16 -mfloat-abi=hard -mthumb -o "Application/User/Core/I2C_lib.o"
arm-none-eabi-gcc "../Application/User/Core/backend.c" -mcpu=cortex-m7 -std=gnu11 -g3 -DUSE_HAL_DRIVER -DSTM32F746xx -DDEBUG -c -I../../Core/Inc -I../../TouchGFX/App -I../../TouchGFX/target/generated -I../../TouchGFX/target -I../../Drivers/STM32F7xx_HAL_Driver/Inc -I../../Drivers/STM32F7xx_HAL_Driver/Inc/Legacy -I../../Middlewares/Third_Party/FreeRTOS/Source/include -I../../Middlewares/Third_Party/FreeRTOS/Source/portable/GCC/ARM_CM7/r0p1 -I../../Drivers/CMSIS/Device/ST/STM32F7xx/Include -I../../Drivers/CMSIS/Include -I../../Middlewares/ST/touchgfx/framework/include -I../../TouchGFX/generated/fonts/include -I../../TouchGFX/generated/gui_generated/include -I../../TouchGFX/generated/images/include -I../../TouchGFX/generated/texts/include -I../../TouchGFX/gui/include -I../../Middlewares/Third_Party/FreeRTOS/Source/CMSIS_RTOS_V2 -I../../Middlewares/Third_Party/FreeRTOS/Source/CMSIS_RTOS -I../../Drivers/BSP/STM32746G-Discovery -I../../Drivers/BSP/Components/ft5336 -I../../LIBJPEG/App -I../../LIBJPEG/Target -I../../Middlewares/Third_Party/LibJPEG/include -I../../TouchGFX/generated/videos/include -Os -ffunction-sections -fdata-sections -Wall -fstack-usage -MMD -MP -MF"Application/User/Core/backend.d" -MT"Application/User/Core/backend.o" --specs=nano.specs -mfpu=fpv5-sp-d16 -mfloat-abi=hard -mthumb -o "Application/User/Core/backend.o"
arm-none-eabi-gcc "D:/STM32CubeIDE/wyswietlacz/mcs_screen_app/Core/Src/freertos.c" -mcpu=cortex-m7 -std=gnu11 -g3 -DUSE_HAL_DRIVER -DSTM32F746xx -DDEBUG -c -I../../Core/Inc -I../../TouchGFX/App -I../../TouchGFX/target/generated -I../../TouchGFX/target -I../../Drivers/STM32F7xx_HAL_Driver/Inc -I../../Drivers/STM32F7xx_HAL_Driver/Inc/Legacy -I../../Middlewares/Third_Party/FreeRTOS/Source/include -I../../Middlewares/Third_Party/FreeRTOS/Source/portable/GCC/ARM_CM7/r0p1 -I../../Drivers/CMSIS/Device/ST/STM32F7xx/Include -I../../Drivers/CMSIS/Include -I../../Middlewares/ST/touchgfx/framework/include -I../../TouchGFX/generated/fonts/include -I../../TouchGFX/generated/gui_generated/include -I../../TouchGFX/generated/images/include -I../../TouchGFX/generated/texts/include -I../../TouchGFX/gui/include -I../../Middlewares/Third_Party/FreeRTOS/Source/CMSIS_RTOS_V2 -I../../Middlewares/Third_Party/FreeRTOS/Source/CMSIS_RTOS -I../../Drivers/BSP/STM32746G-Discovery -I../../Drivers/BSP/Components/ft5336 -I../../LIBJPEG/App -I../../LIBJPEG/Target -I../../Middlewares/Third_Party/LibJPEG/include -I../../TouchGFX/generated/videos/include -Os -ffunction-sections -fdata-sections -Wall -fstack-usage -MMD -MP -MF"Application/User/Core/freertos.d" -MT"Application/User/Core/freertos.o" --specs=nano.specs -mfpu=fpv5-sp-d16 -mfloat-abi=hard -mthumb -o "Application/User/Core/freertos.o"
arm-none-eabi-gcc "D:/STM32CubeIDE/wyswietlacz/mcs_screen_app/Core/Src/main.c" -mcpu=cortex-m7 -std=gnu11 -g3 -DUSE_HAL_DRIVER -DSTM32F746xx -DDEBUG -c -I../../Core/Inc -I../../TouchGFX/App -I../../TouchGFX/target/generated -I../../TouchGFX/target -I../../Drivers/STM32F7xx_HAL_Driver/Inc -I../../Drivers/STM32F7xx_HAL_Driver/Inc/Legacy -I../../Middlewares/Third_Party/FreeRTOS/Source/include -I../../Middlewares/Third_Party/FreeRTOS/Source/portable/GCC/ARM_CM7/r0p1 -I../../Drivers/CMSIS/Device/ST/STM32F7xx/Include -I../../Drivers/CMSIS/Include -I../../Middlewares/ST/touchgfx/framework/include -I../../TouchGFX/generated/fonts/include -I../../TouchGFX/generated/gui_generated/include -I../../TouchGFX/generated/images/include -I../../TouchGFX/generated/texts/include -I../../TouchGFX/gui/include -I../../Middlewares/Third_Party/FreeRTOS/Source/CMSIS_RTOS_V2 -I../../Middlewares/Third_Party/FreeRTOS/Source/CMSIS_RTOS -I../../Drivers/BSP/STM32746G-Discovery -I../../Drivers/BSP/Components/ft5336 -I../../LIBJPEG/App -I../../LIBJPEG/Target -I../../Middlewares/Third_Party/LibJPEG/include -I../../TouchGFX/generated/videos/include -Os -ffunction-sections -fdata-sections -Wall -fstack-usage -MMD -MP -MF"Application/User/Core/main.d" -MT"Application/User/Core/main.o" --specs=nano.specs -mfpu=fpv5-sp-d16 -mfloat-abi=hard -mthumb -o "Application/User/Core/main.o"
arm-none-eabi-gcc "D:/STM32CubeIDE/wyswietlacz/mcs_screen_app/Core/Src/stm32f7xx_hal_msp.c" -mcpu=cortex-m7 -std=gnu11 -g3 -DUSE_HAL_DRIVER -DSTM32F746xx -DDEBUG -c -I../../Core/Inc -I../../TouchGFX/App -I../../TouchGFX/target/generated -I../../TouchGFX/target -I../../Drivers/STM32F7xx_HAL_Driver/Inc -I../../Drivers/STM32F7xx_HAL_Driver/Inc/Legacy -I../../Middlewares/Third_Party/FreeRTOS/Source/include -I../../Middlewares/Third_Party/FreeRTOS/Source/portable/GCC/ARM_CM7/r0p1 -I../../Drivers/CMSIS/Device/ST/STM32F7xx/Include -I../../Drivers/CMSIS/Include -I../../Middlewares/ST/touchgfx/framework/include -I../../TouchGFX/generated/fonts/include -I../../TouchGFX/generated/gui_generated/include -I../../TouchGFX/generated/images/include -I../../TouchGFX/generated/texts/include -I../../TouchGFX/gui/include -I../../Middlewares/Third_Party/FreeRTOS/Source/CMSIS_RTOS_V2 -I../../Middlewares/Third_Party/FreeRTOS/Source/CMSIS_RTOS -I../../Drivers/BSP/STM32746G-Discovery -I../../Drivers/BSP/Components/ft5336 -I../../LIBJPEG/App -I../../LIBJPEG/Target -I../../Middlewares/Third_Party/LibJPEG/include -I../../TouchGFX/generated/videos/include -Os -ffunction-sections -fdata-sections -Wall -fstack-usage -MMD -MP -MF"Application/User/Core/stm32f7xx_hal_msp.d" -MT"Application/User/Core/stm32f7xx_hal_msp.o" --specs=nano.specs -mfpu=fpv5-sp-d16 -mfloat-abi=hard -mthumb -o "Application/User/Core/stm32f7xx_hal_msp.o"
arm-none-eabi-gcc "D:/STM32CubeIDE/wyswietlacz/mcs_screen_app/Core/Src/stm32f7xx_it.c" -mcpu=cortex-m7 -std=gnu11 -g3 -DUSE_HAL_DRIVER -DSTM32F746xx -DDEBUG -c -I../../Core/Inc -I../../TouchGFX/App -I../../TouchGFX/target/generated -I../../TouchGFX/target -I../../Drivers/STM32F7xx_HAL_Driver/Inc -I../../Drivers/STM32F7xx_HAL_Driver/Inc/Legacy -I../../Middlewares/Third_Party/FreeRTOS/Source/include -I../../Middlewares/Third_Party/FreeRTOS/Source/portable/GCC/ARM_CM7/r0p1 -I../../Drivers/CMSIS/Device/ST/STM32F7xx/Include -I../../Drivers/CMSIS/Include -I../../Middlewares/ST/touchgfx/framework/include -I../../TouchGFX/generated/fonts/include -I../../TouchGFX/generated/gui_generated/include -I../../TouchGFX/generated/images/include -I../../TouchGFX/generated/texts/include -I../../TouchGFX/gui/include -I../../Middlewares/Third_Party/FreeRTOS/Source/CMSIS_RTOS_V2 -I../../Middlewares/Third_Party/FreeRTOS/Source/CMSIS_RTOS -I../../Drivers/BSP/STM32746G-Discovery -I../../Drivers/BSP/Components/ft5336 -I../../LIBJPEG/App -I../../LIBJPEG/Target -I../../Middlewares/Third_Party/LibJPEG/include -I../../TouchGFX/generated/videos/include -Os -ffunction-sections -fdata-sections -Wall -fstack-usage -MMD -MP -MF"Application/User/Core/stm32f7xx_it.d" -MT"Application/User/Core/stm32f7xx_it.o" --specs=nano.specs -mfpu=fpv5-sp-d16 -mfloat-abi=hard -mthumb -o "Application/User/Core/stm32f7xx_it.o"
arm-none-eabi-g++ -o "STM32CubeIDE.elf" @"objects.list"  -l:libtouchgfx-float-abi-hard.a -mcpu=cortex-m7 -T"D:\STM32CubeIDE\wyswietlacz\mcs_screen_app\STM32CubeIDE\STM32F746NGHX_FLASH.ld" --specs=nosys.specs -Wl,-Map="STM32CubeIDE.map" -Wl,--gc-sections -static -LC:/Dev/STM32F746-DISCO/stm32f746g_disco/STM32F746G_DISCO/Middlewares/ST/touchgfx/lib/core/cortex_m7/gcc -LC:/git/STM32F746-dk/stm32f746g_disco/STM32F746G_DISCO/Middlewares/ST/touchgfx/lib/core/cortex_m7/gcc -LC:/dev/pacman/at/stm32f746g_disco/STM32F746G_DISCO/Middlewares/ST/touchgfx/lib/core/cortex_m7/gcc -LC:/pacman/at/stm32f746g_disco/STM32F746G_DISCO/Middlewares/ST/touchgfx/lib/core/cortex_m7/gcc -LD:/TouchGFX/Projekty/aplikacja_test2/Middlewares/ST/touchgfx/lib/core/cortex_m7/gcc -LD:/TouchGFX/Projekty/mcs_screen_app/Middlewares/ST/touchgfx/lib/core/cortex_m7/gcc -LC:/Users/patry/Desktop/BolidSpotkanie2/Projekt/mcs_screen_app/Middlewares/ST/touchgfx/lib/core/cortex_m7/gcc -LD:/STM32CubeIDE/wyswietlacz/mcs_screen_app/Middlewares/ST/touchgfx/lib/core/cortex_m7/gcc --specs=nano.specs -mfpu=fpv5-sp-d16 -mfloat-abi=hard -mthumb -Wl,--start-group -lc -lm -lstdc++ -lsupc++ -Wl,--end-group
Finished building target: STM32CubeIDE.elf
 
arm-none-eabi-size   STM32CubeIDE.elf 
arm-none-eabi-objdump -h -S  STM32CubeIDE.elf  > "STM32CubeIDE.list"
arm-none-eabi-objcopy  -O ihex  STM32CubeIDE.elf  "STM32CubeIDE.hex"
   text	   data	    bss	    dec	    hex	filename
2277536	   1488	1401620	3680644	 382984	STM32CubeIDE.elf
Finished building: default.size.stdout
 
Finished building: STM32CubeIDE.hex
 
Finished building: STM32CubeIDE.list
 
21:45:41 **** Incremental Build of configuration Debug for project STM32CubeIDE ****
make -j12 all 
arm-none-eabi-size   STM32CubeIDE.elf 
   text	   data	    bss	    dec	    hex	filename
2277536	   1488	1401620	3680644	 382984	STM32CubeIDE.elf
Finished building: default.size.stdout
 
