13:47:26 **** Incremental Build of configuration Debug for project STM32CubeIDE ****
make -j12 all 
arm-none-eabi-gcc "../Application/User/Core/backend.c" -mcpu=cortex-m7 -std=gnu11 -g3 -DUSE_HAL_DRIVER -DSTM32F746xx -DDEBUG -c -I../../Core/Inc -I../../TouchGFX/App -I../../TouchGFX/target/generated -I../../TouchGFX/target -I../../Drivers/STM32F7xx_HAL_Driver/Inc -I../../Drivers/STM32F7xx_HAL_Driver/Inc/Legacy -I../../Middlewares/Third_Party/FreeRTOS/Source/include -I../../Middlewares/Third_Party/FreeRTOS/Source/portable/GCC/ARM_CM7/r0p1 -I../../Drivers/CMSIS/Device/ST/STM32F7xx/Include -I../../Drivers/CMSIS/Include -I../../Middlewares/ST/touchgfx/framework/include -I../../TouchGFX/generated/fonts/include -I../../TouchGFX/generated/gui_generated/include -I../../TouchGFX/generated/images/include -I../../TouchGFX/generated/texts/include -I../../TouchGFX/gui/include -I../../Middlewares/Third_Party/FreeRTOS/Source/CMSIS_RTOS_V2 -I../../Middlewares/Third_Party/FreeRTOS/Source/CMSIS_RTOS -I../../Drivers/BSP/STM32746G-Discovery -I../../Drivers/BSP/Components/ft5336 -I../../LIBJPEG/App -I../../LIBJPEG/Target -I../../Middlewares/Third_Party/LibJPEG/include -I../../TouchGFX/generated/videos/include -Os -ffunction-sections -fdata-sections -Wall -fstack-usage -MMD -MP -MF"Application/User/Core/backend.d" -MT"Application/User/Core/backend.o" --specs=nano.specs -mfpu=fpv5-sp-d16 -mfloat-abi=hard -mthumb -o "Application/User/Core/backend.o"
arm-none-eabi-g++ -o "STM32CubeIDE.elf" @"objects.list"  -l:libtouchgfx-float-abi-hard.a -mcpu=cortex-m7 -T"D:\STM32CubeIDE\wyswietlacz\mcs_screen_app\STM32CubeIDE\STM32F746NGHX_FLASH.ld" --specs=nosys.specs -Wl,-Map="STM32CubeIDE.map" -Wl,--gc-sections -static -LC:/Dev/STM32F746-DISCO/stm32f746g_disco/STM32F746G_DISCO/Middlewares/ST/touchgfx/lib/core/cortex_m7/gcc -LC:/git/STM32F746-dk/stm32f746g_disco/STM32F746G_DISCO/Middlewares/ST/touchgfx/lib/core/cortex_m7/gcc -LC:/dev/pacman/at/stm32f746g_disco/STM32F746G_DISCO/Middlewares/ST/touchgfx/lib/core/cortex_m7/gcc -LC:/pacman/at/stm32f746g_disco/STM32F746G_DISCO/Middlewares/ST/touchgfx/lib/core/cortex_m7/gcc -LD:/TouchGFX/Projekty/aplikacja_test2/Middlewares/ST/touchgfx/lib/core/cortex_m7/gcc -LD:/TouchGFX/Projekty/mcs_screen_app/Middlewares/ST/touchgfx/lib/core/cortex_m7/gcc -LC:/Users/patry/Desktop/BolidSpotkanie2/Projekt/mcs_screen_app/Middlewares/ST/touchgfx/lib/core/cortex_m7/gcc -LD:/STM32CubeIDE/wyswietlacz/mcs_screen_app/Middlewares/ST/touchgfx/lib/core/cortex_m7/gcc --specs=nano.specs -mfpu=fpv5-sp-d16 -mfloat-abi=hard -mthumb -Wl,--start-group -lc -lm -lstdc++ -lsupc++ -Wl,--end-group
Finished building target: STM32CubeIDE.elf
 
arm-none-eabi-size   STM32CubeIDE.elf 
arm-none-eabi-objdump -h -S  STM32CubeIDE.elf  > "STM32CubeIDE.list"
arm-none-eabi-objcopy  -O ihex  STM32CubeIDE.elf  "STM32CubeIDE.hex"
   text	   data	    bss	    dec	    hex	filename
2274944	    328	1401596	3676868	 381ac4	STM32CubeIDE.elf
Finished building: default.size.stdout
 
Finished building: STM32CubeIDE.hex
 
Finished building: STM32CubeIDE.list
 

13:47:33 Build Finished. 0 errors, 0 warnings. (took 6s.813ms)

