../Application/User/Core/I2C_lib.c:292:6:NextPage	8	static
../Application/User/Core/I2C_lib.c:312:6:CanStatus	24	static
../Application/User/Core/I2C_lib.c:336:6:CarConfig_BrakeMinValueHandler	8	static
../Application/User/Core/I2C_lib.c:345:6:CarConfig_BrakeMaxValueHandler	8	static
../Application/User/Core/I2C_lib.c:354:6:CarConfig_BrakeRelValueHandler	8	static
../Application/User/Core/I2C_lib.c:363:6:CarConfig_BrakeRelValueConfirmedHandler	8	static
../Application/User/Core/I2C_lib.c:372:6:CarConfig_ThrottleMinValueHandler	8	static
../Application/User/Core/I2C_lib.c:381:6:CarConfig_ThrottleMaxValueHandler	8	static
../Application/User/Core/I2C_lib.c:390:6:CarConfig_ThrottleRelValueHandler	8	static
../Application/User/Core/I2C_lib.c:399:6:CarConfig_ThrottleRelValueConfirmedHandler	16	static
../Application/User/Core/I2C_lib.c:411:6:CarConfig_SelectStationaryModeHandler	8	static
../Application/User/Core/I2C_lib.c:419:6:CarConfig_SelectDrivingModeHandler	8	static
../Application/User/Core/I2C_lib.c:427:6:CarConfig_SelectRepeatModeHandler	8	static
../Application/User/Core/I2C_lib.c:435:6:CarConfig_ResetDashboardHandler	8	static
../Application/User/Core/I2C_lib.c:443:6:Drive_MapTcDiffTsacValueHandler	16	static
../Application/User/Core/I2C_lib.c:464:6:Drive_P2DHandler	8	static
../Application/User/Core/I2C_lib.c:473:6:Drive_TSHandler	8	static
../Application/User/Core/I2C_lib.c:482:6:Drive_SelectMAPHandler	8	static
../Application/User/Core/I2C_lib.c:491:6:Drive_SelectTCHandler	8	static
../Application/User/Core/I2C_lib.c:500:6:Drive_SelectDIFFHandler	8	static
../Application/User/Core/I2C_lib.c:509:6:Drive_SelectTSACHandler	8	static
../Application/User/Core/I2C_lib.c:518:6:Drive_UpdateMAPHandler	8	static
../Application/User/Core/I2C_lib.c:527:6:Drive_UpdateTCHandler	8	static
../Application/User/Core/I2C_lib.c:536:6:Drive_UpdateDIFFHandler	8	static
../Application/User/Core/I2C_lib.c:545:6:Drive_UpdateTSACHandler	8	static
../Application/User/Core/I2C_lib.c:554:6:Drive_UpdateSpeedThrottleHandler	16	static
../Application/User/Core/I2C_lib.c:567:6:Drive_UpdateLengLinvRinvRengHandler	16	static
../Application/User/Core/I2C_lib.c:588:6:Drive_UpdateBatHvLowHandler	16	static
../Application/User/Core/I2C_lib.c:605:6:Drive_ErrorHandler	8	static
../Application/User/Core/I2C_lib.c:226:6:init_i2c_interrupts	8	static
../Application/User/Core/I2C_lib.c:234:6:HAL_I2C_ListenCpltCallback	0	static
../Application/User/Core/I2C_lib.c:239:6:ProcessData	16	static
../Application/User/Core/I2C_lib.c:250:6:HAL_I2C_AddrCallback	0	static
../Application/User/Core/I2C_lib.c:267:6:HAL_I2C_SlaveRxCpltCallback	4	static
../Application/User/Core/I2C_lib.c:282:6:HAL_I2C_ErrorCallback	0	static
