../../TouchGFX/gui/include/gui/model/ModelListener.hpp:20:18:virtual void ModelListener::can_status_mcs_scrn_update_value(uint32_t)	0	static
../../TouchGFX/gui/include/gui/model/ModelListener.hpp:21:18:virtual void ModelListener::can_status_mcs_main_update_value(uint32_t)	0	static
../../TouchGFX/gui/include/gui/model/ModelListener.hpp:22:18:virtual void ModelListener::can_status_mcs_hv_update_value(uint32_t)	0	static
../../TouchGFX/gui/include/gui/model/ModelListener.hpp:23:18:virtual void ModelListener::can_status_mcs_lv_update_value(uint32_t)	0	static
../../TouchGFX/gui/include/gui/model/ModelListener.hpp:24:18:virtual void ModelListener::can_status_mcs_front_sens_update_value(uint32_t)	0	static
../../TouchGFX/gui/include/gui/model/ModelListener.hpp:25:18:virtual void ModelListener::can_status_mcs_rear_ec_update_value(uint32_t)	0	static
../../TouchGFX/gui/include/gui/model/ModelListener.hpp:26:18:virtual void ModelListener::can_status_mcs_l_motor_driver_update_value(uint32_t)	0	static
../../TouchGFX/gui/include/gui/model/ModelListener.hpp:27:18:virtual void ModelListener::can_status_mcs_r_motor_driver_update_value(uint32_t)	0	static
../../TouchGFX/gui/include/gui/model/ModelListener.hpp:28:18:virtual void ModelListener::can_status_mcs_ams_update_value(uint32_t)	0	static
../../TouchGFX/gui/include/gui/model/ModelListener.hpp:33:18:virtual void ModelListener::map_update_value(uint32_t)	0	static
../../TouchGFX/gui/include/gui/model/ModelListener.hpp:34:18:virtual void ModelListener::tc_update_value(uint32_t)	0	static
../../TouchGFX/gui/include/gui/model/ModelListener.hpp:35:18:virtual void ModelListener::speed_update_value(uint32_t)	0	static
../../TouchGFX/gui/include/gui/model/ModelListener.hpp:36:18:virtual void ModelListener::diff_update_value(uint32_t)	0	static
../../TouchGFX/gui/include/gui/model/ModelListener.hpp:37:18:virtual void ModelListener::tsac_update_value(uint32_t)	0	static
../../TouchGFX/gui/include/gui/model/ModelListener.hpp:38:18:virtual void ModelListener::leng_update_value(uint32_t)	0	static
../../TouchGFX/gui/include/gui/model/ModelListener.hpp:39:18:virtual void ModelListener::linv_update_value(uint32_t)	0	static
../../TouchGFX/gui/include/gui/model/ModelListener.hpp:40:18:virtual void ModelListener::bat_update_value(uint32_t)	0	static
../../TouchGFX/gui/include/gui/model/ModelListener.hpp:41:18:virtual void ModelListener::rinv_update_value(uint32_t)	0	static
../../TouchGFX/gui/include/gui/model/ModelListener.hpp:42:18:virtual void ModelListener::reng_update_value(uint32_t)	0	static
../../TouchGFX/gui/include/gui/model/ModelListener.hpp:43:18:virtual void ModelListener::err_update_value(uint32_t)	0	static
../../TouchGFX/gui/include/gui/model/ModelListener.hpp:44:18:virtual void ModelListener::hv_update_value(uint32_t)	0	static
../../TouchGFX/gui/include/gui/model/ModelListener.hpp:45:18:virtual void ModelListener::low_update_value(uint32_t)	0	static
../../TouchGFX/gui/include/gui/model/ModelListener.hpp:46:18:virtual void ModelListener::p2d_update_value(uint32_t)	0	static
../../TouchGFX/gui/include/gui/model/ModelListener.hpp:47:18:virtual void ModelListener::ts_update_value(uint32_t)	0	static
../../TouchGFX/gui/include/gui/model/ModelListener.hpp:48:18:virtual void ModelListener::gas_update_value(uint32_t)	0	static
../../TouchGFX/gui/include/gui/screen4_screen/Screen4Presenter.hpp:28:13:Screen4Presenter::~Screen4Presenter()	0	static
D:/STM32CubeIDE/wyswietlacz/mcs_screen_app/TouchGFX/gui/src/screen4_screen/Screen4Presenter.cpp:12:6:virtual void Screen4Presenter::activate()	0	static
../../TouchGFX/gui/include/gui/screen4_screen/Screen4Presenter.hpp:28:13:virtual Screen4Presenter::~Screen4Presenter()	8	static
D:/STM32CubeIDE/wyswietlacz/mcs_screen_app/TouchGFX/gui/src/screen4_screen/Screen4Presenter.cpp:22:6:virtual void Screen4Presenter::car_config_brake_min_update_value(uint32_t)	0	static
D:/STM32CubeIDE/wyswietlacz/mcs_screen_app/TouchGFX/gui/src/screen4_screen/Screen4Presenter.cpp:27:6:virtual void Screen4Presenter::car_config_brake_max_update_value(uint32_t)	0	static
../../TouchGFX/gui/include/gui/screen4_screen/Screen4Presenter.hpp:28:13:virtual void* Screen4Presenter::_ZThn4_N16Screen4PresenterD1Ev()	0	static
D:/STM32CubeIDE/wyswietlacz/mcs_screen_app/TouchGFX/gui/src/screen4_screen/Screen4Presenter.cpp:6:1:Screen4Presenter::Screen4Presenter(Screen4View&)	8	static
