../../TouchGFX/gui/include/gui/model/ModelListener.hpp:19:18:virtual void ModelListener::can_status_mcs_scrn_update_value(uint32_t)	0	static
../../TouchGFX/gui/include/gui/model/ModelListener.hpp:20:18:virtual void ModelListener::can_status_mcs_main_update_value(uint32_t)	0	static
../../TouchGFX/gui/include/gui/model/ModelListener.hpp:21:18:virtual void ModelListener::can_status_mcs_hv_update_value(uint32_t)	0	static
../../TouchGFX/gui/include/gui/model/ModelListener.hpp:22:18:virtual void ModelListener::can_status_mcs_lv_update_value(uint32_t)	0	static
../../TouchGFX/gui/include/gui/model/ModelListener.hpp:23:18:virtual void ModelListener::can_status_mcs_front_sens_update_value(uint32_t)	0	static
../../TouchGFX/gui/include/gui/model/ModelListener.hpp:24:18:virtual void ModelListener::can_status_mcs_rear_ec_update_value(uint32_t)	0	static
../../TouchGFX/gui/include/gui/model/ModelListener.hpp:25:18:virtual void ModelListener::can_status_mcs_l_motor_driver_update_value(uint32_t)	0	static
../../TouchGFX/gui/include/gui/model/ModelListener.hpp:26:18:virtual void ModelListener::can_status_mcs_r_motor_driver_update_value(uint32_t)	0	static
../../TouchGFX/gui/include/gui/model/ModelListener.hpp:27:18:virtual void ModelListener::can_status_mcs_ams_update_value(uint32_t)	0	static
../../TouchGFX/gui/include/gui/model/ModelListener.hpp:42:18:virtual void ModelListener::p2d_update_value(uint32_t)	0	static
../../TouchGFX/gui/include/gui/model/ModelListener.hpp:43:18:virtual void ModelListener::ts_update_value(uint32_t)	0	static
../../TouchGFX/gui/include/gui/model/ModelListener.hpp:44:18:virtual void ModelListener::map_update_value(uint32_t)	0	static
../../TouchGFX/gui/include/gui/model/ModelListener.hpp:45:18:virtual void ModelListener::tc_update_value(uint32_t)	0	static
../../TouchGFX/gui/include/gui/model/ModelListener.hpp:46:18:virtual void ModelListener::speed_update_value(uint32_t)	0	static
../../TouchGFX/gui/include/gui/model/ModelListener.hpp:47:18:virtual void ModelListener::diff_update_value(uint32_t)	0	static
../../TouchGFX/gui/include/gui/model/ModelListener.hpp:48:18:virtual void ModelListener::tsac_update_value(uint32_t)	0	static
../../TouchGFX/gui/include/gui/model/ModelListener.hpp:49:18:virtual void ModelListener::leng_update_value(uint32_t)	0	static
../../TouchGFX/gui/include/gui/model/ModelListener.hpp:50:18:virtual void ModelListener::linv_update_value(uint32_t)	0	static
../../TouchGFX/gui/include/gui/model/ModelListener.hpp:51:18:virtual void ModelListener::bat_update_value(uint32_t)	0	static
../../TouchGFX/gui/include/gui/model/ModelListener.hpp:52:18:virtual void ModelListener::rinv_update_value(uint32_t)	0	static
../../TouchGFX/gui/include/gui/model/ModelListener.hpp:53:18:virtual void ModelListener::reng_update_value(uint32_t)	0	static
../../TouchGFX/gui/include/gui/model/ModelListener.hpp:54:18:virtual void ModelListener::err_update_value(uint32_t)	0	static
../../TouchGFX/gui/include/gui/model/ModelListener.hpp:55:18:virtual void ModelListener::hv_update_value(uint32_t)	0	static
../../TouchGFX/gui/include/gui/model/ModelListener.hpp:56:18:virtual void ModelListener::low_update_value(uint32_t)	0	static
../../TouchGFX/gui/include/gui/model/ModelListener.hpp:57:18:virtual void ModelListener::drive_throttle_update_value(uint32_t)	0	static
../../TouchGFX/gui/include/gui/model/ModelListener.hpp:58:18:virtual void ModelListener::drive_select_map_update_value(uint32_t)	0	static
../../TouchGFX/gui/include/gui/model/ModelListener.hpp:59:18:virtual void ModelListener::drive_select_tc_update_value(uint32_t)	0	static
../../TouchGFX/gui/include/gui/model/ModelListener.hpp:60:18:virtual void ModelListener::drive_select_diff_update_value(uint32_t)	0	static
../../TouchGFX/gui/include/gui/model/ModelListener.hpp:61:18:virtual void ModelListener::drive_select_tsac_update_value(uint32_t)	0	static
../../TouchGFX/gui/include/gui/screen4_screen/Screen4Presenter.hpp:28:13:Screen4Presenter::~Screen4Presenter()	0	static
D:/STM32CubeIDE/wyswietlacz/mcs_screen_app/TouchGFX/gui/src/screen4_screen/Screen4Presenter.cpp:12:6:virtual void Screen4Presenter::activate()	0	static
../../TouchGFX/gui/include/gui/screen4_screen/Screen4Presenter.hpp:28:13:virtual Screen4Presenter::~Screen4Presenter()	8	static
D:/STM32CubeIDE/wyswietlacz/mcs_screen_app/TouchGFX/gui/src/screen4_screen/Screen4Presenter.cpp:22:6:virtual void Screen4Presenter::car_config_brake_min_update_value(uint32_t)	0	static
D:/STM32CubeIDE/wyswietlacz/mcs_screen_app/TouchGFX/gui/src/screen4_screen/Screen4Presenter.cpp:27:6:virtual void Screen4Presenter::car_config_brake_max_update_value(uint32_t)	0	static
D:/STM32CubeIDE/wyswietlacz/mcs_screen_app/TouchGFX/gui/src/screen4_screen/Screen4Presenter.cpp:32:6:virtual void Screen4Presenter::car_config_brake_rel_update_value(uint32_t)	0	static
D:/STM32CubeIDE/wyswietlacz/mcs_screen_app/TouchGFX/gui/src/screen4_screen/Screen4Presenter.cpp:37:6:virtual void Screen4Presenter::car_config_brake_rel_accepted_value(uint32_t)	0	static
D:/STM32CubeIDE/wyswietlacz/mcs_screen_app/TouchGFX/gui/src/screen4_screen/Screen4Presenter.cpp:42:6:virtual void Screen4Presenter::car_config_throttle_min_update_value(uint32_t)	0	static
D:/STM32CubeIDE/wyswietlacz/mcs_screen_app/TouchGFX/gui/src/screen4_screen/Screen4Presenter.cpp:47:6:virtual void Screen4Presenter::car_config_throttle_max_update_value(uint32_t)	0	static
D:/STM32CubeIDE/wyswietlacz/mcs_screen_app/TouchGFX/gui/src/screen4_screen/Screen4Presenter.cpp:52:6:virtual void Screen4Presenter::car_config_throttle_rel_update_value(uint32_t)	0	static
D:/STM32CubeIDE/wyswietlacz/mcs_screen_app/TouchGFX/gui/src/screen4_screen/Screen4Presenter.cpp:57:6:virtual void Screen4Presenter::car_config_throttle_rel_accepted_value(uint32_t)	0	static
D:/STM32CubeIDE/wyswietlacz/mcs_screen_app/TouchGFX/gui/src/screen4_screen/Screen4Presenter.cpp:62:6:virtual void Screen4Presenter::car_config_select_stationary_mode_value(uint32_t)	0	static
D:/STM32CubeIDE/wyswietlacz/mcs_screen_app/TouchGFX/gui/src/screen4_screen/Screen4Presenter.cpp:67:6:virtual void Screen4Presenter::car_config_select_driving_mode_value(uint32_t)	0	static
D:/STM32CubeIDE/wyswietlacz/mcs_screen_app/TouchGFX/gui/src/screen4_screen/Screen4Presenter.cpp:72:6:virtual void Screen4Presenter::car_config_select_repeat_calibration_value(uint32_t)	0	static
D:/STM32CubeIDE/wyswietlacz/mcs_screen_app/TouchGFX/gui/src/screen4_screen/Screen4Presenter.cpp:77:6:virtual void Screen4Presenter::car_config_dashboard_reset_value(uint32_t)	0	static
../../TouchGFX/gui/include/gui/screen4_screen/Screen4Presenter.hpp:28:13:virtual void* Screen4Presenter::_ZThn4_N16Screen4PresenterD1Ev()	0	static
D:/STM32CubeIDE/wyswietlacz/mcs_screen_app/TouchGFX/gui/src/screen4_screen/Screen4Presenter.cpp:6:1:Screen4Presenter::Screen4Presenter(Screen4View&)	8	static
