../../Middlewares/ST/touchgfx/framework/include/touchgfx/Screen.hpp:104:18:virtual void touchgfx::Screen::afterTransition()	0	static
../../Middlewares/ST/touchgfx/framework/include/touchgfx/Screen.hpp:144:18:virtual void touchgfx::Screen::handleTickEvent()	0	static
../../Middlewares/ST/touchgfx/framework/include/touchgfx/Screen.hpp:154:18:virtual void touchgfx::Screen::handleKeyEvent(uint8_t)	0	static
D:/STM32CubeIDE/wyswietlacz/mcs_screen_app/TouchGFX/gui/src/screen2_screen/Screen2View.cpp:15:6:virtual void Screen2View::tearDownScreen()	0	static
../../TouchGFX/gui/include/gui/screen2_screen/Screen2View.hpp:11:13:Screen2View::~Screen2View()	8	static
../../TouchGFX/gui/include/gui/screen2_screen/Screen2View.hpp:11:13:virtual Screen2View::~Screen2View()	8	static
../../Middlewares/ST/touchgfx/framework/include/touchgfx/Drawable.hpp:255:10:void touchgfx::Drawable::centerX()	8	static
D:/STM32CubeIDE/wyswietlacz/mcs_screen_app/TouchGFX/gui/src/screen2_screen/Screen2View.cpp:5:1:Screen2View::Screen2View()	8	static
D:/STM32CubeIDE/wyswietlacz/mcs_screen_app/TouchGFX/gui/src/screen2_screen/Screen2View.cpp:10:6:virtual void Screen2View::setupScreen()	0	static
D:/STM32CubeIDE/wyswietlacz/mcs_screen_app/TouchGFX/gui/src/screen2_screen/Screen2View.cpp:20:6:void Screen2View::map_update_value(uint32_t)	16	static
D:/STM32CubeIDE/wyswietlacz/mcs_screen_app/TouchGFX/gui/src/screen2_screen/Screen2View.cpp:45:6:void Screen2View::tc_update_value(uint32_t)	24	static
D:/STM32CubeIDE/wyswietlacz/mcs_screen_app/TouchGFX/gui/src/screen2_screen/Screen2View.cpp:54:6:void Screen2View::speed_update_value(uint32_t)	16	static
D:/STM32CubeIDE/wyswietlacz/mcs_screen_app/TouchGFX/gui/src/screen2_screen/Screen2View.cpp:62:6:void Screen2View::diff_update_value(uint32_t)	24	static
D:/STM32CubeIDE/wyswietlacz/mcs_screen_app/TouchGFX/gui/src/screen2_screen/Screen2View.cpp:71:6:void Screen2View::tsac_update_value(uint32_t)	24	static
D:/STM32CubeIDE/wyswietlacz/mcs_screen_app/TouchGFX/gui/src/screen2_screen/Screen2View.cpp:80:6:void Screen2View::leng_update_value(uint32_t)	16	static
D:/STM32CubeIDE/wyswietlacz/mcs_screen_app/TouchGFX/gui/src/screen2_screen/Screen2View.cpp:88:6:void Screen2View::linv_update_value(uint32_t)	16	static
D:/STM32CubeIDE/wyswietlacz/mcs_screen_app/TouchGFX/gui/src/screen2_screen/Screen2View.cpp:96:6:void Screen2View::bat_update_value(uint32_t)	16	static
D:/STM32CubeIDE/wyswietlacz/mcs_screen_app/TouchGFX/gui/src/screen2_screen/Screen2View.cpp:104:6:void Screen2View::rinv_update_value(uint32_t)	16	static
D:/STM32CubeIDE/wyswietlacz/mcs_screen_app/TouchGFX/gui/src/screen2_screen/Screen2View.cpp:112:6:void Screen2View::reng_update_value(uint32_t)	16	static
D:/STM32CubeIDE/wyswietlacz/mcs_screen_app/TouchGFX/gui/src/screen2_screen/Screen2View.cpp:120:6:void Screen2View::err_update_value(uint32_t)	16	static
D:/STM32CubeIDE/wyswietlacz/mcs_screen_app/TouchGFX/gui/src/screen2_screen/Screen2View.cpp:137:6:void Screen2View::low_update_value(uint32_t)	16	static
D:/STM32CubeIDE/wyswietlacz/mcs_screen_app/TouchGFX/gui/src/screen2_screen/Screen2View.cpp:128:6:void Screen2View::hv_update_value(uint32_t)	24	static
D:/STM32CubeIDE/wyswietlacz/mcs_screen_app/TouchGFX/gui/src/screen2_screen/Screen2View.cpp:163:6:void Screen2View::gas_update_value(uint32_t)	16	static
D:/STM32CubeIDE/wyswietlacz/mcs_screen_app/TouchGFX/gui/src/screen2_screen/Screen2View.cpp:145:6:void Screen2View::p2d_update_value(uint32_t)	24	static
D:/STM32CubeIDE/wyswietlacz/mcs_screen_app/TouchGFX/gui/src/screen2_screen/Screen2View.cpp:154:6:void Screen2View::ts_update_value(uint32_t)	24	static
D:/STM32CubeIDE/wyswietlacz/mcs_screen_app/TouchGFX/gui/src/screen2_screen/Screen2View.cpp:169:6:void Screen2View::drive_select_map_update_value(uint32_t)	32	static
D:/STM32CubeIDE/wyswietlacz/mcs_screen_app/TouchGFX/gui/src/screen2_screen/Screen2View.cpp:187:6:void Screen2View::drive_select_tc_update_value(uint32_t)	32	static
D:/STM32CubeIDE/wyswietlacz/mcs_screen_app/TouchGFX/gui/src/screen2_screen/Screen2View.cpp:205:6:void Screen2View::drive_select_diff_update_value(uint32_t)	32	static
D:/STM32CubeIDE/wyswietlacz/mcs_screen_app/TouchGFX/gui/src/screen2_screen/Screen2View.cpp:223:6:void Screen2View::drive_select_tsac_update_value(uint32_t)	32	static
