../../TouchGFX/gui/include/gui/model/ModelListener.hpp:24:18:virtual void ModelListener::map_update_value(uint32_t)	0	static
../../TouchGFX/gui/include/gui/model/ModelListener.hpp:25:18:virtual void ModelListener::tc_update_value(uint32_t)	0	static
../../TouchGFX/gui/include/gui/model/ModelListener.hpp:26:18:virtual void ModelListener::speed_update_value(uint32_t)	0	static
../../TouchGFX/gui/include/gui/model/ModelListener.hpp:27:18:virtual void ModelListener::diff_update_value(uint32_t)	0	static
../../TouchGFX/gui/include/gui/model/ModelListener.hpp:28:18:virtual void ModelListener::tsac_update_value(uint32_t)	0	static
../../TouchGFX/gui/include/gui/model/ModelListener.hpp:29:18:virtual void ModelListener::leng_update_value(uint32_t)	0	static
../../TouchGFX/gui/include/gui/model/ModelListener.hpp:30:18:virtual void ModelListener::linv_update_value(uint32_t)	0	static
../../TouchGFX/gui/include/gui/model/ModelListener.hpp:31:18:virtual void ModelListener::bat_update_value(uint32_t)	0	static
../../TouchGFX/gui/include/gui/model/ModelListener.hpp:32:18:virtual void ModelListener::rinv_update_value(uint32_t)	0	static
../../TouchGFX/gui/include/gui/model/ModelListener.hpp:33:18:virtual void ModelListener::reng_update_value(uint32_t)	0	static
../../TouchGFX/gui/include/gui/model/ModelListener.hpp:34:18:virtual void ModelListener::err_update_value(uint32_t)	0	static
../../TouchGFX/gui/include/gui/model/ModelListener.hpp:35:18:virtual void ModelListener::hv_update_value(uint32_t)	0	static
../../TouchGFX/gui/include/gui/model/ModelListener.hpp:36:18:virtual void ModelListener::low_update_value(uint32_t)	0	static
../../TouchGFX/gui/include/gui/model/ModelListener.hpp:37:18:virtual void ModelListener::p2d_update_value(uint32_t)	0	static
../../TouchGFX/gui/include/gui/model/ModelListener.hpp:38:18:virtual void ModelListener::ts_update_value(uint32_t)	0	static
../../TouchGFX/gui/include/gui/model/ModelListener.hpp:39:18:virtual void ModelListener::gas_update_value(uint32_t)	0	static
../../TouchGFX/gui/include/gui/screen3_screen/Screen3Presenter.hpp:28:13:Screen3Presenter::~Screen3Presenter()	0	static
D:/STM32CubeIDE/wyswietlacz/mcs_screen_app/TouchGFX/gui/src/screen3_screen/Screen3Presenter.cpp:12:6:virtual void Screen3Presenter::activate()	0	static
../../TouchGFX/gui/include/gui/screen3_screen/Screen3Presenter.hpp:28:13:virtual Screen3Presenter::~Screen3Presenter()	8	static
D:/STM32CubeIDE/wyswietlacz/mcs_screen_app/TouchGFX/gui/src/screen3_screen/Screen3Presenter.cpp:22:6:virtual void Screen3Presenter::btn_update_value(uint32_t)	0	static
D:/STM32CubeIDE/wyswietlacz/mcs_screen_app/TouchGFX/gui/src/screen3_screen/Screen3Presenter.cpp:27:6:virtual void Screen3Presenter::can_status_mcs_main_update_value(uint32_t)	0	static
D:/STM32CubeIDE/wyswietlacz/mcs_screen_app/TouchGFX/gui/src/screen3_screen/Screen3Presenter.cpp:32:6:virtual void Screen3Presenter::can_status_mcs_hv_update_value(uint32_t)	0	static
../../TouchGFX/gui/include/gui/screen3_screen/Screen3Presenter.hpp:28:13:virtual void* Screen3Presenter::_ZThn4_N16Screen3PresenterD1Ev()	0	static
D:/STM32CubeIDE/wyswietlacz/mcs_screen_app/TouchGFX/gui/src/screen3_screen/Screen3Presenter.cpp:6:1:Screen3Presenter::Screen3Presenter(Screen3View&)	8	static
