../../TouchGFX/gui/include/gui/model/ModelListener.hpp:20:18:virtual void ModelListener::can_status_mcs_scrn_update_value(uint32_t)	0	static
../../TouchGFX/gui/include/gui/model/ModelListener.hpp:21:18:virtual void ModelListener::can_status_mcs_main_update_value(uint32_t)	0	static
../../TouchGFX/gui/include/gui/model/ModelListener.hpp:22:18:virtual void ModelListener::can_status_mcs_hv_update_value(uint32_t)	0	static
../../TouchGFX/gui/include/gui/model/ModelListener.hpp:23:18:virtual void ModelListener::can_status_mcs_lv_update_value(uint32_t)	0	static
../../TouchGFX/gui/include/gui/model/ModelListener.hpp:24:18:virtual void ModelListener::can_status_mcs_front_sens_update_value(uint32_t)	0	static
../../TouchGFX/gui/include/gui/model/ModelListener.hpp:25:18:virtual void ModelListener::can_status_mcs_rear_ec_update_value(uint32_t)	0	static
../../TouchGFX/gui/include/gui/model/ModelListener.hpp:26:18:virtual void ModelListener::can_status_mcs_l_motor_driver_update_value(uint32_t)	0	static
../../TouchGFX/gui/include/gui/model/ModelListener.hpp:27:18:virtual void ModelListener::can_status_mcs_r_motor_driver_update_value(uint32_t)	0	static
../../TouchGFX/gui/include/gui/model/ModelListener.hpp:28:18:virtual void ModelListener::can_status_mcs_ams_update_value(uint32_t)	0	static
../../TouchGFX/gui/include/gui/model/ModelListener.hpp:30:18:virtual void ModelListener::car_config_brake_min_update_value(uint32_t)	0	static
../../TouchGFX/gui/include/gui/model/ModelListener.hpp:31:18:virtual void ModelListener::car_config_brake_max_update_value(uint32_t)	0	static
../../TouchGFX/gui/include/gui/model/ModelListener.hpp:32:18:virtual void ModelListener::car_config_brake_rel_update_value(uint32_t)	0	static
../../TouchGFX/gui/include/gui/model/ModelListener.hpp:33:18:virtual void ModelListener::car_config_brake_rel_accepted_value(uint32_t)	0	static
../../TouchGFX/gui/include/gui/model/ModelListener.hpp:34:18:virtual void ModelListener::car_config_throttle_min_update_value(uint32_t)	0	static
../../TouchGFX/gui/include/gui/model/ModelListener.hpp:35:18:virtual void ModelListener::car_config_throttle_max_update_value(uint32_t)	0	static
../../TouchGFX/gui/include/gui/model/ModelListener.hpp:36:18:virtual void ModelListener::car_config_throttle_rel_update_value(uint32_t)	0	static
../../TouchGFX/gui/include/gui/model/ModelListener.hpp:37:18:virtual void ModelListener::car_config_throttle_rel_accepted_value(uint32_t)	0	static
../../TouchGFX/gui/include/gui/model/ModelListener.hpp:38:18:virtual void ModelListener::car_config_select_stationary_mode_value(uint32_t)	0	static
../../TouchGFX/gui/include/gui/model/ModelListener.hpp:39:18:virtual void ModelListener::car_config_select_driving_mode_value(uint32_t)	0	static
../../TouchGFX/gui/include/gui/model/ModelListener.hpp:40:18:virtual void ModelListener::car_config_select_repeat_calibration_value(uint32_t)	0	static
../../TouchGFX/gui/include/gui/model/ModelListener.hpp:41:18:virtual void ModelListener::car_config_dashboard_reset_value(uint32_t)	0	static
../../TouchGFX/gui/include/gui/screen2_screen/Screen2Presenter.hpp:28:13:Screen2Presenter::~Screen2Presenter()	0	static
D:/STM32CubeIDE/wyswietlacz/mcs_screen_app/TouchGFX/gui/src/screen2_screen/Screen2Presenter.cpp:12:6:virtual void Screen2Presenter::activate()	0	static
../../TouchGFX/gui/include/gui/screen2_screen/Screen2Presenter.hpp:28:13:virtual Screen2Presenter::~Screen2Presenter()	8	static
D:/STM32CubeIDE/wyswietlacz/mcs_screen_app/TouchGFX/gui/src/screen2_screen/Screen2Presenter.cpp:22:6:virtual void Screen2Presenter::map_update_value(uint32_t)	0	static
D:/STM32CubeIDE/wyswietlacz/mcs_screen_app/TouchGFX/gui/src/screen2_screen/Screen2Presenter.cpp:27:6:virtual void Screen2Presenter::tc_update_value(uint32_t)	0	static
D:/STM32CubeIDE/wyswietlacz/mcs_screen_app/TouchGFX/gui/src/screen2_screen/Screen2Presenter.cpp:32:6:virtual void Screen2Presenter::speed_update_value(uint32_t)	0	static
D:/STM32CubeIDE/wyswietlacz/mcs_screen_app/TouchGFX/gui/src/screen2_screen/Screen2Presenter.cpp:37:6:virtual void Screen2Presenter::diff_update_value(uint32_t)	0	static
D:/STM32CubeIDE/wyswietlacz/mcs_screen_app/TouchGFX/gui/src/screen2_screen/Screen2Presenter.cpp:42:6:virtual void Screen2Presenter::tsac_update_value(uint32_t)	0	static
D:/STM32CubeIDE/wyswietlacz/mcs_screen_app/TouchGFX/gui/src/screen2_screen/Screen2Presenter.cpp:47:6:virtual void Screen2Presenter::leng_update_value(uint32_t)	0	static
D:/STM32CubeIDE/wyswietlacz/mcs_screen_app/TouchGFX/gui/src/screen2_screen/Screen2Presenter.cpp:52:6:virtual void Screen2Presenter::linv_update_value(uint32_t)	0	static
D:/STM32CubeIDE/wyswietlacz/mcs_screen_app/TouchGFX/gui/src/screen2_screen/Screen2Presenter.cpp:57:6:virtual void Screen2Presenter::bat_update_value(uint32_t)	0	static
D:/STM32CubeIDE/wyswietlacz/mcs_screen_app/TouchGFX/gui/src/screen2_screen/Screen2Presenter.cpp:62:6:virtual void Screen2Presenter::rinv_update_value(uint32_t)	0	static
D:/STM32CubeIDE/wyswietlacz/mcs_screen_app/TouchGFX/gui/src/screen2_screen/Screen2Presenter.cpp:67:6:virtual void Screen2Presenter::reng_update_value(uint32_t)	0	static
D:/STM32CubeIDE/wyswietlacz/mcs_screen_app/TouchGFX/gui/src/screen2_screen/Screen2Presenter.cpp:72:6:virtual void Screen2Presenter::err_update_value(uint32_t)	0	static
D:/STM32CubeIDE/wyswietlacz/mcs_screen_app/TouchGFX/gui/src/screen2_screen/Screen2Presenter.cpp:77:6:virtual void Screen2Presenter::hv_update_value(uint32_t)	0	static
D:/STM32CubeIDE/wyswietlacz/mcs_screen_app/TouchGFX/gui/src/screen2_screen/Screen2Presenter.cpp:82:6:virtual void Screen2Presenter::low_update_value(uint32_t)	0	static
D:/STM32CubeIDE/wyswietlacz/mcs_screen_app/TouchGFX/gui/src/screen2_screen/Screen2Presenter.cpp:87:6:virtual void Screen2Presenter::p2d_update_value(uint32_t)	0	static
D:/STM32CubeIDE/wyswietlacz/mcs_screen_app/TouchGFX/gui/src/screen2_screen/Screen2Presenter.cpp:92:6:virtual void Screen2Presenter::ts_update_value(uint32_t)	0	static
D:/STM32CubeIDE/wyswietlacz/mcs_screen_app/TouchGFX/gui/src/screen2_screen/Screen2Presenter.cpp:97:6:virtual void Screen2Presenter::drive_throttle_update_value(uint32_t)	0	static
D:/STM32CubeIDE/wyswietlacz/mcs_screen_app/TouchGFX/gui/src/screen2_screen/Screen2Presenter.cpp:102:6:virtual void Screen2Presenter::drive_select_map_update_value(uint32_t)	0	static
D:/STM32CubeIDE/wyswietlacz/mcs_screen_app/TouchGFX/gui/src/screen2_screen/Screen2Presenter.cpp:107:6:virtual void Screen2Presenter::drive_select_tc_update_value(uint32_t)	0	static
D:/STM32CubeIDE/wyswietlacz/mcs_screen_app/TouchGFX/gui/src/screen2_screen/Screen2Presenter.cpp:112:6:virtual void Screen2Presenter::drive_select_diff_update_value(uint32_t)	0	static
D:/STM32CubeIDE/wyswietlacz/mcs_screen_app/TouchGFX/gui/src/screen2_screen/Screen2Presenter.cpp:117:6:virtual void Screen2Presenter::drive_select_tsac_update_value(uint32_t)	0	static
../../TouchGFX/gui/include/gui/screen2_screen/Screen2Presenter.hpp:28:13:virtual void* Screen2Presenter::_ZThn4_N16Screen2PresenterD1Ev()	0	static
D:/STM32CubeIDE/wyswietlacz/mcs_screen_app/TouchGFX/gui/src/screen2_screen/Screen2Presenter.cpp:6:1:Screen2Presenter::Screen2Presenter(Screen2View&)	8	static
