../../Middlewares/ST/touchgfx/framework/include/touchgfx/Screen.hpp:104:18:virtual void touchgfx::Screen::afterTransition()	0	static
../../Middlewares/ST/touchgfx/framework/include/touchgfx/Screen.hpp:144:18:virtual void touchgfx::Screen::handleTickEvent()	0	static
../../Middlewares/ST/touchgfx/framework/include/touchgfx/Screen.hpp:154:18:virtual void touchgfx::Screen::handleKeyEvent(uint8_t)	0	static
D:/STM32CubeIDE/wyswietlacz/mcs_screen_app/TouchGFX/gui/src/screen3_screen/Screen3View.cpp:15:6:virtual void Screen3View::tearDownScreen()	0	static
../../TouchGFX/gui/include/gui/screen3_screen/Screen3View.hpp:11:13:Screen3View::~Screen3View()	8	static
../../TouchGFX/gui/include/gui/screen3_screen/Screen3View.hpp:11:13:virtual Screen3View::~Screen3View()	8	static
D:/STM32CubeIDE/wyswietlacz/mcs_screen_app/TouchGFX/gui/src/screen3_screen/Screen3View.cpp:5:1:Screen3View::Screen3View()	8	static
D:/STM32CubeIDE/wyswietlacz/mcs_screen_app/TouchGFX/gui/src/screen3_screen/Screen3View.cpp:10:6:virtual void Screen3View::setupScreen()	0	static
D:/STM32CubeIDE/wyswietlacz/mcs_screen_app/TouchGFX/gui/src/screen3_screen/Screen3View.cpp:20:6:void Screen3View::can_status_mcs_scrn_update_value(uint32_t)	24	static
D:/STM32CubeIDE/wyswietlacz/mcs_screen_app/TouchGFX/gui/src/screen3_screen/Screen3View.cpp:34:6:void Screen3View::can_status_mcs_main_update_value(uint32_t)	24	static
D:/STM32CubeIDE/wyswietlacz/mcs_screen_app/TouchGFX/gui/src/screen3_screen/Screen3View.cpp:48:6:void Screen3View::can_status_mcs_hv_update_value(uint32_t)	24	static
D:/STM32CubeIDE/wyswietlacz/mcs_screen_app/TouchGFX/gui/src/screen3_screen/Screen3View.cpp:62:6:void Screen3View::can_status_mcs_lv_update_value(uint32_t)	24	static
D:/STM32CubeIDE/wyswietlacz/mcs_screen_app/TouchGFX/gui/src/screen3_screen/Screen3View.cpp:76:6:void Screen3View::can_status_mcs_front_sens_update_value(uint32_t)	24	static
D:/STM32CubeIDE/wyswietlacz/mcs_screen_app/TouchGFX/gui/src/screen3_screen/Screen3View.cpp:90:6:void Screen3View::can_status_mcs_rear_ec_update_value(uint32_t)	24	static
D:/STM32CubeIDE/wyswietlacz/mcs_screen_app/TouchGFX/gui/src/screen3_screen/Screen3View.cpp:104:6:void Screen3View::can_status_mcs_l_motor_driver_update_value(uint32_t)	24	static
D:/STM32CubeIDE/wyswietlacz/mcs_screen_app/TouchGFX/gui/src/screen3_screen/Screen3View.cpp:118:6:void Screen3View::can_status_mcs_r_motor_driver_update_value(uint32_t)	24	static
D:/STM32CubeIDE/wyswietlacz/mcs_screen_app/TouchGFX/gui/src/screen3_screen/Screen3View.cpp:132:6:void Screen3View::can_status_mcs_ams_update_value(uint32_t)	24	static
